// Jest Snapshot v1, https://goo.gl/fbAQLP

exports[`\`Not found\` component renders 1`] = `
ShallowWrapper {
  "length": 1,
  Symbol(enzyme.__root__): [Circular],
  Symbol(enzyme.__unrendered__): <NotFound />,
  Symbol(enzyme.__renderer__): Object {
    "batchedUpdates": [Function],
    "getNode": [Function],
    "render": [Function],
    "simulateEvent": [Function],
    "unmount": [Function],
  },
  Symbol(enzyme.__node__): Object {
    "instance": null,
    "key": undefined,
    "nodeType": "host",
    "props": Object {
      "children": Array [
        <h1>
          Uups.. eksisid vist ära :(
</h1>,
        <Link
          replace={false}
          to="/"
>
          Mine tagasi esilehele
</Link>,
      ],
    },
    "ref": null,
    "rendered": Array [
      Object {
        "instance": null,
        "key": undefined,
        "nodeType": "host",
        "props": Object {
          "children": "Uups.. eksisid vist ära :(",
        },
        "ref": null,
        "rendered": "Uups.. eksisid vist ära :(",
        "type": "h1",
      },
      Object {
        "instance": null,
        "key": undefined,
        "nodeType": "class",
        "props": Object {
          "children": "Mine tagasi esilehele",
          "replace": false,
          "to": "/",
        },
        "ref": null,
        "rendered": "Mine tagasi esilehele",
        "type": [Function],
      },
    ],
    "type": "div",
  },
  Symbol(enzyme.__nodes__): Array [
    Object {
      "instance": null,
      "key": undefined,
      "nodeType": "host",
      "props": Object {
        "children": Array [
          <h1>
            Uups.. eksisid vist ära :(
</h1>,
          <Link
            replace={false}
            to="/"
>
            Mine tagasi esilehele
</Link>,
        ],
      },
      "ref": null,
      "rendered": Array [
        Object {
          "instance": null,
          "key": undefined,
          "nodeType": "host",
          "props": Object {
            "children": "Uups.. eksisid vist ära :(",
          },
          "ref": null,
          "rendered": "Uups.. eksisid vist ära :(",
          "type": "h1",
        },
        Object {
          "instance": null,
          "key": undefined,
          "nodeType": "class",
          "props": Object {
            "children": "Mine tagasi esilehele",
            "replace": false,
            "to": "/",
          },
          "ref": null,
          "rendered": "Mine tagasi esilehele",
          "type": [Function],
        },
      ],
      "type": "div",
    },
  ],
  Symbol(enzyme.__options__): Object {
    "adapter": ReactSixteenAdapter {
      "options": Object {
        "enableComponentDidUpdateOnSetState": true,
      },
    },
    "disableLifecycleMethods": true,
  },
}
`;
