// Jest Snapshot v1, https://goo.gl/fbAQLP

exports[`InviteList Component renders 1`] = `
ShallowWrapper {
  "length": 1,
  Symbol(enzyme.__root__): [Circular],
  Symbol(enzyme.__unrendered__): <InviteList
    invites={
        Array [
            Object {
              "email": "aimar@snapit.ee",
              "id": 1,
              "name": "Aimar",
            },
            Object {
              "email": "marju@domeca.ee",
              "id": 2,
              "name": "Marju",
            },
          ]
    }
/>,
  Symbol(enzyme.__renderer__): Object {
    "batchedUpdates": [Function],
    "getNode": [Function],
    "render": [Function],
    "simulateEvent": [Function],
    "unmount": [Function],
  },
  Symbol(enzyme.__node__): Object {
    "instance": null,
    "key": undefined,
    "nodeType": "host",
    "props": Object {
      "children": Array [
        <InviteListItem
          invite={
                    Object {
                              "email": "aimar@snapit.ee",
                              "id": 1,
                              "name": "Aimar",
                            }
          }
/>,
        <InviteListItem
          invite={
                    Object {
                              "email": "marju@domeca.ee",
                              "id": 2,
                              "name": "Marju",
                            }
          }
/>,
      ],
    },
    "ref": null,
    "rendered": Array [
      Object {
        "instance": null,
        "key": "1",
        "nodeType": "function",
        "props": Object {
          "invite": Object {
            "email": "aimar@snapit.ee",
            "id": 1,
            "name": "Aimar",
          },
        },
        "ref": null,
        "rendered": null,
        "type": [Function],
      },
      Object {
        "instance": null,
        "key": "2",
        "nodeType": "function",
        "props": Object {
          "invite": Object {
            "email": "marju@domeca.ee",
            "id": 2,
            "name": "Marju",
          },
        },
        "ref": null,
        "rendered": null,
        "type": [Function],
      },
    ],
    "type": "div",
  },
  Symbol(enzyme.__nodes__): Array [
    Object {
      "instance": null,
      "key": undefined,
      "nodeType": "host",
      "props": Object {
        "children": Array [
          <InviteListItem
            invite={
                        Object {
                                    "email": "aimar@snapit.ee",
                                    "id": 1,
                                    "name": "Aimar",
                                  }
            }
/>,
          <InviteListItem
            invite={
                        Object {
                                    "email": "marju@domeca.ee",
                                    "id": 2,
                                    "name": "Marju",
                                  }
            }
/>,
        ],
      },
      "ref": null,
      "rendered": Array [
        Object {
          "instance": null,
          "key": "1",
          "nodeType": "function",
          "props": Object {
            "invite": Object {
              "email": "aimar@snapit.ee",
              "id": 1,
              "name": "Aimar",
            },
          },
          "ref": null,
          "rendered": null,
          "type": [Function],
        },
        Object {
          "instance": null,
          "key": "2",
          "nodeType": "function",
          "props": Object {
            "invite": Object {
              "email": "marju@domeca.ee",
              "id": 2,
              "name": "Marju",
            },
          },
          "ref": null,
          "rendered": null,
          "type": [Function],
        },
      ],
      "type": "div",
    },
  ],
  Symbol(enzyme.__options__): Object {
    "adapter": ReactSixteenAdapter {
      "options": Object {
        "enableComponentDidUpdateOnSetState": true,
      },
    },
    "disableLifecycleMethods": true,
  },
}
`;
